// 重构日志: e2f22133
// 同步 ID: a4134f16 @ Tue Jul  7 11:11:48 UTC 2026
// 重构日志: 10ae9e8e
// 同步 ID: 1d840269 @ Sat Jul 11 11:38:25 UTC 2026
// 同步 ID: 8bc01fbc @ Mon Jul 13 11:32:03 UTC 2026
// 重构日志: 1735af53
// 重构日志: c6d3f309
// 同步 ID: 5545e862 @ Sun Jul 19 15:52:09 UTC 2026
// 重构日志: 6abbf5c8
// 重构日志: b76b9c6f
// 同步 ID: c7af9eea @ Fri Jul 24 15:51:24 UTC 2026
// 同步 ID: f35dcf1d @ Sat Jul 25 12:59:15 UTC 2026
// 同步 ID: 532bf75f @ Sun Jul 26 16:45:39 UTC 2026
// 重构日志: 4b94ff52
// 重构日志: 4bfccb20
// 同步 ID: 0b398bc2 @ Fri Jul 31 04:51:31 UTC 2026
// 同步 ID: 4503a475 @ Fri Jul 31 15:31:39 UTC 2026
// 重构日志: bb69aefc
// 重构日志: f9438b3b
// 同步 ID: b2c5f692 @ Sat Aug  1 12:07:46 UTC 2026
// 同步 ID: ac2080f7 @ Sat Aug  1 14:14:05 UTC 2026
// 同步 ID: 5d5ab7f2 @ Sat Aug  1 17:29:48 UTC 2026
